// Jest Snapshot v1, https://goo.gl/fbAQLP

exports[`Header should render the heading 1`] = `
<header>
  <h1>
    Header title
  </h1>
</header>
`;
